// Jest Snapshot v1, https://goo.gl/fbAQLP

exports[`Should render AddReservation component correctly 1`] = `
<div>
  <div>
    Please log in to add a reservation.
  </div>
</div>
`;
