// Jest Snapshot v1, https://goo.gl/fbAQLP

exports[`Should render DeletePackages component correctly 1`] = `
<div>
  <div>
    Please log in to delete a package.
  </div>
</div>
`;
