// Jest Snapshot v1, https://goo.gl/fbAQLP

exports[`Should render Logout component correctly 1`] = `
<div>
  <button
    type="button"
  >
    Logout
  </button>
</div>
`;
