// Jest Snapshot v1, https://goo.gl/fbAQLP

exports[`Should render PackageDetails component correctly 1`] = `
<div>
  <div>
    Loading...
  </div>
</div>
`;
