// Jest Snapshot v1, https://goo.gl/fbAQLP

exports[`Should render RemoveReservation component correctly 1`] = `
<div>
  <div>
    Please log in to delete a reservation.
  </div>
</div>
`;
