// Jest Snapshot v1, https://goo.gl/fbAQLP

exports[`Should render Reservations component correctly 1`] = `
<div>
  <div>
    Please log in to see reservations.
  </div>
</div>
`;
